*********************************************
Rothanak So: SIC/XE assembler
*********************************************
ASSEMBLER REPORT
----------------
     Loc   Object Code       Source Code
     ---   -----------       -----------
001- 00100                             START    100
002- 00100 750004            EXA       LDT      #4
003- 00103 9050                        ADDR     T,A
004- 00105 1F200D                      SUB      =X'1D'
005- 00108 1F2070                      SUB      N
006- 0010B 1B100178                    +ADD     SEC
007- 0010F 0E206C                      STA      @ANS
008- 00112 3F2001                      J        PAST
009- 00115                             LTORG
010- 00115 1D                =X'1D'    BYTE     X'1D'
011- 00116 07206B            PAST      LDX      THR
012- 00119 0FA062                      STA      ANS,X
013- 0011C 1F2051                      SUB      =X'0259'
014- 0011F                             RESW     20
015- 0015B 6D2020                      LDS      #ANS
016- 0015E 6D0064                      LDS      #100
017- 00161 6F2F9C                      LDS      EXA
018- 00164 1B900178                    +ADD     SEC,X
019- 00168 1B2000                      ADD      =C'12345'
020- 0016B                             LTORG
021- 0016B 3132333435        =C'1234'  BYTE     C'12345'
022- 00170 0259              =X'0259'  BYTE     X'0259'
023- 00172 1B2012                      ADD      =C'05'
024- 00175 4F0000                      RSUB
025- 00178 FFFFF9            SEC       WORD     -7
026- 0017B 00001D            N         WORD     29
027- 0017E                   ANS       RESW     2
028- 00184 000003            THR       WORD     3
029- 00187                             END      EXA
030- 00187 3035              =C'05'    BYTE     C'05'
